Colossus Airlines Reservation System

=== Main Menu ===
a) Outbound Flight
b) Inbound Flight
c) Quit
Choice: Invalid choice. Enter one of: abc
Choice: Invalid choice. Enter one of: abc
Choice: Invalid choice. Enter one of: abc
Choice: Invalid choice. Enter one of: abc
Choice: Invalid choice. Enter one of: abc
Choice: 
--- Outbound Flight ---
a) Show number of empty seats
b) Show list of empty seats
c) Show alphabetical list of seats
d) Assign a customer to a seat assignment
e) Delete a seat assignment
f) Return to Main Menu
Choice: Invalid choice. Enter one of: abcdef
Choice: Invalid choice. Enter one of: abcdef
Choice: Invalid choice. Enter one of: abcdef
Choice: Invalid choice. Enter one of: abcdef
Choice: Invalid choice. Enter one of: abcdef
Choice: Number of empty seats: 24 of 24

--- Outbound Flight ---
a) Show number of empty seats
b) Show list of empty seats
c) Show alphabetical list of seats
d) Assign a customer to a seat assignment
e) Delete a seat assignment
f) Return to Main Menu
Choice: Empty seats: 1 2 3 4 5 6 7 8 9 10 11 12 13 14 15 16 17 18 19 20 21 22 23 24

--- Outbound Flight ---
a) Show number of empty seats
b) Show list of empty seats
c) Show alphabetical list of seats
d) Assign a customer to a seat assignment
e) Delete a seat assignment
f) Return to Main Menu
Choice: No seats are assigned.

--- Outbound Flight ---
a) Show number of empty seats
b) Show list of empty seats
c) Show alphabetical list of seats
d) Assign a customer to a seat assignment
e) Delete a seat assignment
f) Return to Main Menu
Choice: No seats are assigned.

--- Outbound Flight ---
a) Show number of empty seats
b) Show list of empty seats
c) Show alphabetical list of seats
d) Assign a customer to a seat assignment
e) Delete a seat assignment
f) Return to Main Menu
Choice: Empty seats: 1 2 3 4 5 6 7 8 9 10 11 12 13 14 15 16 17 18 19 20 21 22 23 24
Enter seat number (1-24), or 'q' / blank line to abort: Enter passenger first name (blank line to abort): Enter passenger last name (blank line to abort): Assign John Smith to seat 1? (y/n): Seat 1 assigned to John Smith.

--- Outbound Flight ---
a) Show number of empty seats
b) Show list of empty seats
c) Show alphabetical list of seats
d) Assign a customer to a seat assignment
e) Delete a seat assignment
f) Return to Main Menu
Choice: Empty seats: 2 3 4 5 6 7 8 9 10 11 12 13 14 15 16 17 18 19 20 21 22 23 24
Enter seat number (1-24), or 'q' / blank line to abort: Enter passenger first name (blank line to abort): Enter passenger last name (blank line to abort): Assign Mary Ann Smith to seat 2? (y/n): Seat 2 assigned to Mary Ann Smith.

--- Outbound Flight ---
a) Show number of empty seats
b) Show list of empty seats
c) Show alphabetical list of seats
d) Assign a customer to a seat assignment
e) Delete a seat assignment
f) Return to Main Menu
Choice: Empty seats: 3 4 5 6 7 8 9 10 11 12 13 14 15 16 17 18 19 20 21 22 23 24
Enter seat number (1-24), or 'q' / blank line to abort: Enter passenger first name (blank line to abort): Enter passenger last name (blank line to abort): Assign Patrick O'Brien to seat 3? (y/n): Seat 3 assigned to Patrick O'Brien.

--- Outbound Flight ---
a) Show number of empty seats
b) Show list of empty seats
c) Show alphabetical list of seats
d) Assign a customer to a seat assignment
e) Delete a seat assignment
f) Return to Main Menu
Choice: Empty seats: 4 5 6 7 8 9 10 11 12 13 14 15 16 17 18 19 20 21 22 23 24
Enter seat number (1-24), or 'q' / blank line to abort: Enter passenger first name (blank line to abort): Enter passenger last name (blank line to abort): Assign anna van der berg to seat 4? (y/n): Seat 4 assigned to anna van der berg.

--- Outbound Flight ---
a) Show number of empty seats
b) Show list of empty seats
c) Show alphabetical list of seats
d) Assign a customer to a seat assignment
e) Delete a seat assignment
f) Return to Main Menu
Choice: Empty seats: 5 6 7 8 9 10 11 12 13 14 15 16 17 18 19 20 21 22 23 24
Enter seat number (1-24), or 'q' / blank line to abort: Enter passenger first name (blank line to abort): Enter passenger last name (blank line to abort): Assign Jean-Luc Picard to seat 5? (y/n): Seat 5 assigned to Jean-Luc Picard.

--- Outbound Flight ---
a) Show number of empty seats
b) Show list of empty seats
c) Show alphabetical list of seats
d) Assign a customer to a seat assignment
e) Delete a seat assignment
f) Return to Main Menu
Choice: Empty seats: 6 7 8 9 10 11 12 13 14 15 16 17 18 19 20 21 22 23 24
Enter seat number (1-24), or 'q' / blank line to abort: Seat 1 is already assigned.
Enter seat number (1-24), or 'q' / blank line to abort: Enter passenger first name (blank line to abort): Enter passenger last name (blank line to abort): Assign Alice adams to seat 6? (y/n): Seat 6 assigned to Alice adams.

--- Outbound Flight ---
a) Show number of empty seats
b) Show list of empty seats
c) Show alphabetical list of seats
d) Assign a customer to a seat assignment
e) Delete a seat assignment
f) Return to Main Menu
Choice: Empty seats: 7 8 9 10 11 12 13 14 15 16 17 18 19 20 21 22 23 24
Enter seat number (1-24), or 'q' / blank line to abort: Invalid seat number.
Enter seat number (1-24), or 'q' / blank line to abort: Invalid seat number.
Enter seat number (1-24), or 'q' / blank line to abort: Invalid seat number.
Enter seat number (1-24), or 'q' / blank line to abort: Invalid seat number.
Enter seat number (1-24), or 'q' / blank line to abort: Invalid seat number.
Enter seat number (1-24), or 'q' / blank line to abort: Invalid seat number.
Enter seat number (1-24), or 'q' / blank line to abort: Enter passenger first name (blank line to abort): Name too long (max 31 characters).
Enter passenger first name (blank line to abort): Name too long (max 31 characters).
Enter passenger first name (blank line to abort): Name too long (max 31 characters).
Enter passenger first name (blank line to abort): Names may contain only letters, spaces, hyphens, and apostrophes.
Enter passenger first name (blank line to abort): Names may contain only letters, spaces, hyphens, and apostrophes.
Enter passenger first name (blank line to abort): Enter passenger last name (blank line to abort): Assign Bob Builder to seat 7? (y/n): Seat 7 assigned to Bob Builder.

--- Outbound Flight ---
a) Show number of empty seats
b) Show list of empty seats
c) Show alphabetical list of seats
d) Assign a customer to a seat assignment
e) Delete a seat assignment
f) Return to Main Menu
Choice: Empty seats: 8 9 10 11 12 13 14 15 16 17 18 19 20 21 22 23 24
Enter seat number (1-24), or 'q' / blank line to abort: Assignment aborted.

--- Outbound Flight ---
a) Show number of empty seats
b) Show list of empty seats
c) Show alphabetical list of seats
d) Assign a customer to a seat assignment
e) Delete a seat assignment
f) Return to Main Menu
Choice: Empty seats: 8 9 10 11 12 13 14 15 16 17 18 19 20 21 22 23 24
Enter seat number (1-24), or 'q' / blank line to abort: Assignment aborted.

--- Outbound Flight ---
a) Show number of empty seats
b) Show list of empty seats
c) Show alphabetical list of seats
d) Assign a customer to a seat assignment
e) Delete a seat assignment
f) Return to Main Menu
Choice: Empty seats: 8 9 10 11 12 13 14 15 16 17 18 19 20 21 22 23 24
Enter seat number (1-24), or 'q' / blank line to abort: Enter passenger first name (blank line to abort): Assignment aborted.

--- Outbound Flight ---
a) Show number of empty seats
b) Show list of empty seats
c) Show alphabetical list of seats
d) Assign a customer to a seat assignment
e) Delete a seat assignment
f) Return to Main Menu
Choice: Empty seats: 8 9 10 11 12 13 14 15 16 17 18 19 20 21 22 23 24
Enter seat number (1-24), or 'q' / blank line to abort: Enter passenger first name (blank line to abort): Enter passenger last name (blank line to abort): Assignment aborted.

--- Outbound Flight ---
a) Show number of empty seats
b) Show list of empty seats
c) Show alphabetical list of seats
d) Assign a customer to a seat assignment
e) Delete a seat assignment
f) Return to Main Menu
Choice: Empty seats: 8 9 10 11 12 13 14 15 16 17 18 19 20 21 22 23 24
Enter seat number (1-24), or 'q' / blank line to abort: Enter passenger first name (blank line to abort): Enter passenger last name (blank line to abort): Assign Tom Jones to seat 8? (y/n): Assignment aborted.

--- Outbound Flight ---
a) Show number of empty seats
b) Show list of empty seats
c) Show alphabetical list of seats
d) Assign a customer to a seat assignment
e) Delete a seat assignment
f) Return to Main Menu
Choice: Seat  Last Name                        First Name                      
6     adams                            Alice                           
7     Builder                          Bob                             
3     O'Brien                          Patrick                         
5     Picard                           Jean-Luc                        
1     Smith                            John                            
2     Smith                            Mary Ann                        
4     van der berg                     anna                            

--- Outbound Flight ---
a) Show number of empty seats
b) Show list of empty seats
c) Show alphabetical list of seats
d) Assign a customer to a seat assignment
e) Delete a seat assignment
f) Return to Main Menu
Choice: Assigned seats:
   1: Smith, John
   2: Smith, Mary Ann
   3: O'Brien, Patrick
   4: van der berg, anna
   5: Picard, Jean-Luc
   6: adams, Alice
   7: Builder, Bob
Enter seat number (1-24), or 'q' / blank line to abort: Seat 20 is not assigned.
Enter seat number (1-24), or 'q' / blank line to abort: Delete Bob Builder from seat 7? (y/n): Seat 7 is now empty.

--- Outbound Flight ---
a) Show number of empty seats
b) Show list of empty seats
c) Show alphabetical list of seats
d) Assign a customer to a seat assignment
e) Delete a seat assignment
f) Return to Main Menu
Choice: Assigned seats:
   1: Smith, John
   2: Smith, Mary Ann
   3: O'Brien, Patrick
   4: van der berg, anna
   5: Picard, Jean-Luc
   6: adams, Alice
Enter seat number (1-24), or 'q' / blank line to abort: Deletion aborted.

--- Outbound Flight ---
a) Show number of empty seats
b) Show list of empty seats
c) Show alphabetical list of seats
d) Assign a customer to a seat assignment
e) Delete a seat assignment
f) Return to Main Menu
Choice: Assigned seats:
   1: Smith, John
   2: Smith, Mary Ann
   3: O'Brien, Patrick
   4: van der berg, anna
   5: Picard, Jean-Luc
   6: adams, Alice
Enter seat number (1-24), or 'q' / blank line to abort: Deletion aborted.

--- Outbound Flight ---
a) Show number of empty seats
b) Show list of empty seats
c) Show alphabetical list of seats
d) Assign a customer to a seat assignment
e) Delete a seat assignment
f) Return to Main Menu
Choice: Assigned seats:
   1: Smith, John
   2: Smith, Mary Ann
   3: O'Brien, Patrick
   4: van der berg, anna
   5: Picard, Jean-Luc
   6: adams, Alice
Enter seat number (1-24), or 'q' / blank line to abort: Delete John Smith from seat 1? (y/n): Deletion aborted.

--- Outbound Flight ---
a) Show number of empty seats
b) Show list of empty seats
c) Show alphabetical list of seats
d) Assign a customer to a seat assignment
e) Delete a seat assignment
f) Return to Main Menu
Choice: Empty seats: 7 8 9 10 11 12 13 14 15 16 17 18 19 20 21 22 23 24

--- Outbound Flight ---
a) Show number of empty seats
b) Show list of empty seats
c) Show alphabetical list of seats
d) Assign a customer to a seat assignment
e) Delete a seat assignment
f) Return to Main Menu
Choice: Number of empty seats: 18 of 24

--- Outbound Flight ---
a) Show number of empty seats
b) Show list of empty seats
c) Show alphabetical list of seats
d) Assign a customer to a seat assignment
e) Delete a seat assignment
f) Return to Main Menu
Choice: 
=== Main Menu ===
a) Outbound Flight
b) Inbound Flight
c) Quit
Choice: 
--- Inbound Flight ---
a) Show number of empty seats
b) Show list of empty seats
c) Show alphabetical list of seats
d) Assign a customer to a seat assignment
e) Delete a seat assignment
f) Return to Main Menu
Choice: No seats are assigned.

--- Inbound Flight ---
a) Show number of empty seats
b) Show list of empty seats
c) Show alphabetical list of seats
d) Assign a customer to a seat assignment
e) Delete a seat assignment
f) Return to Main Menu
Choice: Empty seats: 1 2 3 4 5 6 7 8 9 10 11 12 13 14 15 16 17 18 19 20 21 22 23 24
Enter seat number (1-24), or 'q' / blank line to abort: Enter passenger first name (blank line to abort): Enter passenger last name (blank line to abort): Assign Pax Alpha to seat 24? (y/n): Seat 24 assigned to Pax Alpha.

--- Inbound Flight ---
a) Show number of empty seats
b) Show list of empty seats
c) Show alphabetical list of seats
d) Assign a customer to a seat assignment
e) Delete a seat assignment
f) Return to Main Menu
Choice: Empty seats: 1 2 3 4 5 6 7 8 9 10 11 12 13 14 15 16 17 18 19 20 21 22 23
Enter seat number (1-24), or 'q' / blank line to abort: Enter passenger first name (blank line to abort): Enter passenger last name (blank line to abort): Assign Pax Bravo to seat 23? (y/n): Seat 23 assigned to Pax Bravo.

--- Inbound Flight ---
a) Show number of empty seats
b) Show list of empty seats
c) Show alphabetical list of seats
d) Assign a customer to a seat assignment
e) Delete a seat assignment
f) Return to Main Menu
Choice: Empty seats: 1 2 3 4 5 6 7 8 9 10 11 12 13 14 15 16 17 18 19 20 21 22
Enter seat number (1-24), or 'q' / blank line to abort: Enter passenger first name (blank line to abort): Enter passenger last name (blank line to abort): Assign Pax Charlie to seat 22? (y/n): Seat 22 assigned to Pax Charlie.

--- Inbound Flight ---
a) Show number of empty seats
b) Show list of empty seats
c) Show alphabetical list of seats
d) Assign a customer to a seat assignment
e) Delete a seat assignment
f) Return to Main Menu
Choice: Empty seats: 1 2 3 4 5 6 7 8 9 10 11 12 13 14 15 16 17 18 19 20 21
Enter seat number (1-24), or 'q' / blank line to abort: Enter passenger first name (blank line to abort): Enter passenger last name (blank line to abort): Assign Pax Delta to seat 21? (y/n): Seat 21 assigned to Pax Delta.

--- Inbound Flight ---
a) Show number of empty seats
b) Show list of empty seats
c) Show alphabetical list of seats
d) Assign a customer to a seat assignment
e) Delete a seat assignment
f) Return to Main Menu
Choice: Empty seats: 1 2 3 4 5 6 7 8 9 10 11 12 13 14 15 16 17 18 19 20
Enter seat number (1-24), or 'q' / blank line to abort: Enter passenger first name (blank line to abort): Enter passenger last name (blank line to abort): Assign Pax Echo to seat 20? (y/n): Seat 20 assigned to Pax Echo.

--- Inbound Flight ---
a) Show number of empty seats
b) Show list of empty seats
c) Show alphabetical list of seats
d) Assign a customer to a seat assignment
e) Delete a seat assignment
f) Return to Main Menu
Choice: Empty seats: 1 2 3 4 5 6 7 8 9 10 11 12 13 14 15 16 17 18 19
Enter seat number (1-24), or 'q' / blank line to abort: Enter passenger first name (blank line to abort): Enter passenger last name (blank line to abort): Assign Pax Foxtrot to seat 19? (y/n): Seat 19 assigned to Pax Foxtrot.

--- Inbound Flight ---
a) Show number of empty seats
b) Show list of empty seats
c) Show alphabetical list of seats
d) Assign a customer to a seat assignment
e) Delete a seat assignment
f) Return to Main Menu
Choice: Empty seats: 1 2 3 4 5 6 7 8 9 10 11 12 13 14 15 16 17 18
Enter seat number (1-24), or 'q' / blank line to abort: Enter passenger first name (blank line to abort): Enter passenger last name (blank line to abort): Assign Pax Golf to seat 18? (y/n): Seat 18 assigned to Pax Golf.

--- Inbound Flight ---
a) Show number of empty seats
b) Show list of empty seats
c) Show alphabetical list of seats
d) Assign a customer to a seat assignment
e) Delete a seat assignment
f) Return to Main Menu
Choice: Empty seats: 1 2 3 4 5 6 7 8 9 10 11 12 13 14 15 16 17
Enter seat number (1-24), or 'q' / blank line to abort: Enter passenger first name (blank line to abort): Enter passenger last name (blank line to abort): Assign Pax Hotel to seat 17? (y/n): Seat 17 assigned to Pax Hotel.

--- Inbound Flight ---
a) Show number of empty seats
b) Show list of empty seats
c) Show alphabetical list of seats
d) Assign a customer to a seat assignment
e) Delete a seat assignment
f) Return to Main Menu
Choice: Empty seats: 1 2 3 4 5 6 7 8 9 10 11 12 13 14 15 16
Enter seat number (1-24), or 'q' / blank line to abort: Enter passenger first name (blank line to abort): Enter passenger last name (blank line to abort): Assign Pax India to seat 16? (y/n): Seat 16 assigned to Pax India.

--- Inbound Flight ---
a) Show number of empty seats
b) Show list of empty seats
c) Show alphabetical list of seats
d) Assign a customer to a seat assignment
e) Delete a seat assignment
f) Return to Main Menu
Choice: Empty seats: 1 2 3 4 5 6 7 8 9 10 11 12 13 14 15
Enter seat number (1-24), or 'q' / blank line to abort: Enter passenger first name (blank line to abort): Enter passenger last name (blank line to abort): Assign Pax Juliet to seat 15? (y/n): Seat 15 assigned to Pax Juliet.

--- Inbound Flight ---
a) Show number of empty seats
b) Show list of empty seats
c) Show alphabetical list of seats
d) Assign a customer to a seat assignment
e) Delete a seat assignment
f) Return to Main Menu
Choice: Empty seats: 1 2 3 4 5 6 7 8 9 10 11 12 13 14
Enter seat number (1-24), or 'q' / blank line to abort: Enter passenger first name (blank line to abort): Enter passenger last name (blank line to abort): Assign Pax Kilo to seat 14? (y/n): Seat 14 assigned to Pax Kilo.

--- Inbound Flight ---
a) Show number of empty seats
b) Show list of empty seats
c) Show alphabetical list of seats
d) Assign a customer to a seat assignment
e) Delete a seat assignment
f) Return to Main Menu
Choice: Empty seats: 1 2 3 4 5 6 7 8 9 10 11 12 13
Enter seat number (1-24), or 'q' / blank line to abort: Enter passenger first name (blank line to abort): Enter passenger last name (blank line to abort): Assign Pax Lima to seat 13? (y/n): Seat 13 assigned to Pax Lima.

--- Inbound Flight ---
a) Show number of empty seats
b) Show list of empty seats
c) Show alphabetical list of seats
d) Assign a customer to a seat assignment
e) Delete a seat assignment
f) Return to Main Menu
Choice: Empty seats: 1 2 3 4 5 6 7 8 9 10 11 12
Enter seat number (1-24), or 'q' / blank line to abort: Enter passenger first name (blank line to abort): Enter passenger last name (blank line to abort): Assign Pax Mike to seat 12? (y/n): Seat 12 assigned to Pax Mike.

--- Inbound Flight ---
a) Show number of empty seats
b) Show list of empty seats
c) Show alphabetical list of seats
d) Assign a customer to a seat assignment
e) Delete a seat assignment
f) Return to Main Menu
Choice: Empty seats: 1 2 3 4 5 6 7 8 9 10 11
Enter seat number (1-24), or 'q' / blank line to abort: Enter passenger first name (blank line to abort): Enter passenger last name (blank line to abort): Assign Pax November to seat 11? (y/n): Seat 11 assigned to Pax November.

--- Inbound Flight ---
a) Show number of empty seats
b) Show list of empty seats
c) Show alphabetical list of seats
d) Assign a customer to a seat assignment
e) Delete a seat assignment
f) Return to Main Menu
Choice: Empty seats: 1 2 3 4 5 6 7 8 9 10
Enter seat number (1-24), or 'q' / blank line to abort: Enter passenger first name (blank line to abort): Enter passenger last name (blank line to abort): Assign Pax Oscar to seat 10? (y/n): Seat 10 assigned to Pax Oscar.

--- Inbound Flight ---
a) Show number of empty seats
b) Show list of empty seats
c) Show alphabetical list of seats
d) Assign a customer to a seat assignment
e) Delete a seat assignment
f) Return to Main Menu
Choice: Empty seats: 1 2 3 4 5 6 7 8 9
Enter seat number (1-24), or 'q' / blank line to abort: Enter passenger first name (blank line to abort): Enter passenger last name (blank line to abort): Assign Pax Papa to seat 9? (y/n): Seat 9 assigned to Pax Papa.

--- Inbound Flight ---
a) Show number of empty seats
b) Show list of empty seats
c) Show alphabetical list of seats
d) Assign a customer to a seat assignment
e) Delete a seat assignment
f) Return to Main Menu
Choice: Empty seats: 1 2 3 4 5 6 7 8
Enter seat number (1-24), or 'q' / blank line to abort: Enter passenger first name (blank line to abort): Enter passenger last name (blank line to abort): Assign Pax Quebec to seat 8? (y/n): Seat 8 assigned to Pax Quebec.

--- Inbound Flight ---
a) Show number of empty seats
b) Show list of empty seats
c) Show alphabetical list of seats
d) Assign a customer to a seat assignment
e) Delete a seat assignment
f) Return to Main Menu
Choice: Empty seats: 1 2 3 4 5 6 7
Enter seat number (1-24), or 'q' / blank line to abort: Enter passenger first name (blank line to abort): Enter passenger last name (blank line to abort): Assign Pax Romeo to seat 7? (y/n): Seat 7 assigned to Pax Romeo.

--- Inbound Flight ---
a) Show number of empty seats
b) Show list of empty seats
c) Show alphabetical list of seats
d) Assign a customer to a seat assignment
e) Delete a seat assignment
f) Return to Main Menu
Choice: Empty seats: 1 2 3 4 5 6
Enter seat number (1-24), or 'q' / blank line to abort: Enter passenger first name (blank line to abort): Enter passenger last name (blank line to abort): Assign Pax Sierra to seat 6? (y/n): Seat 6 assigned to Pax Sierra.

--- Inbound Flight ---
a) Show number of empty seats
b) Show list of empty seats
c) Show alphabetical list of seats
d) Assign a customer to a seat assignment
e) Delete a seat assignment
f) Return to Main Menu
Choice: Empty seats: 1 2 3 4 5
Enter seat number (1-24), or 'q' / blank line to abort: Enter passenger first name (blank line to abort): Enter passenger last name (blank line to abort): Assign Pax Tango to seat 5? (y/n): Seat 5 assigned to Pax Tango.

--- Inbound Flight ---
a) Show number of empty seats
b) Show list of empty seats
c) Show alphabetical list of seats
d) Assign a customer to a seat assignment
e) Delete a seat assignment
f) Return to Main Menu
Choice: Empty seats: 1 2 3 4
Enter seat number (1-24), or 'q' / blank line to abort: Enter passenger first name (blank line to abort): Enter passenger last name (blank line to abort): Assign Pax Uniform to seat 4? (y/n): Seat 4 assigned to Pax Uniform.

--- Inbound Flight ---
a) Show number of empty seats
b) Show list of empty seats
c) Show alphabetical list of seats
d) Assign a customer to a seat assignment
e) Delete a seat assignment
f) Return to Main Menu
Choice: Empty seats: 1 2 3
Enter seat number (1-24), or 'q' / blank line to abort: Enter passenger first name (blank line to abort): Enter passenger last name (blank line to abort): Assign Pax Victor to seat 3? (y/n): Seat 3 assigned to Pax Victor.

--- Inbound Flight ---
a) Show number of empty seats
b) Show list of empty seats
c) Show alphabetical list of seats
d) Assign a customer to a seat assignment
e) Delete a seat assignment
f) Return to Main Menu
Choice: Empty seats: 1 2
Enter seat number (1-24), or 'q' / blank line to abort: Enter passenger first name (blank line to abort): Enter passenger last name (blank line to abort): Assign Pax Whiskey to seat 2? (y/n): Seat 2 assigned to Pax Whiskey.

--- Inbound Flight ---
a) Show number of empty seats
b) Show list of empty seats
c) Show alphabetical list of seats
d) Assign a customer to a seat assignment
e) Delete a seat assignment
f) Return to Main Menu
Choice: Empty seats: 1
Enter seat number (1-24), or 'q' / blank line to abort: Enter passenger first name (blank line to abort): Enter passenger last name (blank line to abort): Assign Pax Xray to seat 1? (y/n): Seat 1 assigned to Pax Xray.

--- Inbound Flight ---
a) Show number of empty seats
b) Show list of empty seats
c) Show alphabetical list of seats
d) Assign a customer to a seat assignment
e) Delete a seat assignment
f) Return to Main Menu
Choice: Number of empty seats: 0 of 24

--- Inbound Flight ---
a) Show number of empty seats
b) Show list of empty seats
c) Show alphabetical list of seats
d) Assign a customer to a seat assignment
e) Delete a seat assignment
f) Return to Main Menu
Choice: Flight is full.

--- Inbound Flight ---
a) Show number of empty seats
b) Show list of empty seats
c) Show alphabetical list of seats
d) Assign a customer to a seat assignment
e) Delete a seat assignment
f) Return to Main Menu
Choice: Assigned seats:
   1: Xray, Pax
   2: Whiskey, Pax
   3: Victor, Pax
   4: Uniform, Pax
   5: Tango, Pax
   6: Sierra, Pax
   7: Romeo, Pax
   8: Quebec, Pax
   9: Papa, Pax
  10: Oscar, Pax
  11: November, Pax
  12: Mike, Pax
  13: Lima, Pax
  14: Kilo, Pax
  15: Juliet, Pax
  16: India, Pax
  17: Hotel, Pax
  18: Golf, Pax
  19: Foxtrot, Pax
  20: Echo, Pax
  21: Delta, Pax
  22: Charlie, Pax
  23: Bravo, Pax
  24: Alpha, Pax
Enter seat number (1-24), or 'q' / blank line to abort: Delete Pax Mike from seat 12? (y/n): Seat 12 is now empty.

--- Inbound Flight ---
a) Show number of empty seats
b) Show list of empty seats
c) Show alphabetical list of seats
d) Assign a customer to a seat assignment
e) Delete a seat assignment
f) Return to Main Menu
Choice: Empty seats: 12
Enter seat number (1-24), or 'q' / blank line to abort: Enter passenger first name (blank line to abort): Enter passenger last name (blank line to abort): Assign Zoe Zulu to seat 12? (y/n): Seat 12 assigned to Zoe Zulu.

--- Inbound Flight ---
a) Show number of empty seats
b) Show list of empty seats
c) Show alphabetical list of seats
d) Assign a customer to a seat assignment
e) Delete a seat assignment
f) Return to Main Menu
Choice: Seat  Last Name                        First Name                      
24    Alpha                            Pax                             
23    Bravo                            Pax                             
22    Charlie                          Pax                             
21    Delta                            Pax                             
20    Echo                             Pax                             
19    Foxtrot                          Pax                             
18    Golf                             Pax                             
17    Hotel                            Pax                             
16    India                            Pax                             
15    Juliet                           Pax                             
14    Kilo                             Pax                             
13    Lima                             Pax                             
11    November                         Pax                             
10    Oscar                            Pax                             
9     Papa                             Pax                             
8     Quebec                           Pax                             
7     Romeo                            Pax                             
6     Sierra                           Pax                             
5     Tango                            Pax                             
4     Uniform                          Pax                             
3     Victor                           Pax                             
2     Whiskey                          Pax                             
1     Xray                             Pax                             
12    Zulu                             Zoe                             

--- Inbound Flight ---
a) Show number of empty seats
b) Show list of empty seats
c) Show alphabetical list of seats
d) Assign a customer to a seat assignment
e) Delete a seat assignment
f) Return to Main Menu
Choice: 
=== Main Menu ===
a) Outbound Flight
b) Inbound Flight
c) Quit
Choice: 
--- Outbound Flight ---
a) Show number of empty seats
b) Show list of empty seats
c) Show alphabetical list of seats
d) Assign a customer to a seat assignment
e) Delete a seat assignment
f) Return to Main Menu
Choice: Number of empty seats: 18 of 24

--- Outbound Flight ---
a) Show number of empty seats
b) Show list of empty seats
c) Show alphabetical list of seats
d) Assign a customer to a seat assignment
e) Delete a seat assignment
f) Return to Main Menu
Choice: 
=== Main Menu ===
a) Outbound Flight
b) Inbound Flight
c) Quit
Choice: 
--- Inbound Flight ---
a) Show number of empty seats
b) Show list of empty seats
c) Show alphabetical list of seats
d) Assign a customer to a seat assignment
e) Delete a seat assignment
f) Return to Main Menu
Choice: Number of empty seats: 0 of 24

--- Inbound Flight ---
a) Show number of empty seats
b) Show list of empty seats
c) Show alphabetical list of seats
d) Assign a customer to a seat assignment
e) Delete a seat assignment
f) Return to Main Menu
Choice: 
=== Main Menu ===
a) Outbound Flight
b) Inbound Flight
c) Quit
Choice: 
--- Outbound Flight ---
a) Show number of empty seats
b) Show list of empty seats
c) Show alphabetical list of seats
d) Assign a customer to a seat assignment
e) Delete a seat assignment
f) Return to Main Menu
Choice: Empty seats: 7 8 9 10 11 12 13 14 15 16 17 18 19 20 21 22 23 24

--- Outbound Flight ---
a) Show number of empty seats
b) Show list of empty seats
c) Show alphabetical list of seats
d) Assign a customer to a seat assignment
e) Delete a seat assignment
f) Return to Main Menu
Choice: 
=== Main Menu ===
a) Outbound Flight
b) Inbound Flight
c) Quit
Choice: 
--- Inbound Flight ---
a) Show number of empty seats
b) Show list of empty seats
c) Show alphabetical list of seats
d) Assign a customer to a seat assignment
e) Delete a seat assignment
f) Return to Main Menu
Choice: No empty seats.

--- Inbound Flight ---
a) Show number of empty seats
b) Show list of empty seats
c) Show alphabetical list of seats
d) Assign a customer to a seat assignment
e) Delete a seat assignment
f) Return to Main Menu
Choice: 
=== Main Menu ===
a) Outbound Flight
b) Inbound Flight
c) Quit
Choice: Goodbye.
